// Jest Snapshot v1, https://goo.gl/fbAQLP

exports[`App component renders App 1`] = `
<DocumentFragment>
  <div>
    <div
      class="Loading"
    >
      <img
        alt="Loading"
        src="https://media0.giphy.com/media/VJCSpN9VaG7K4p3CUj/source.gif"
      />
    </div>
  </div>
</DocumentFragment>
`;
